tests/ethereum-tests/VMTests/vmPerformance/fibonacci16.json
tests/ethereum-tests/VMTests/vmPerformance/manyFunctions100.json
tests/ethereum-tests/VMTests/vmPerformance/ackermann31.json
tests/ethereum-tests/VMTests/vmPerformance/fibonacci10.json
tests/ethereum-tests/VMTests/vmPerformance/ackermann32.json
tests/ethereum-tests/VMTests/vmPerformance/ackermann33.json
tests/ethereum-tests/VMTests/vmIOandFlowOperations/indirect_jump1.json
tests/ethereum-tests/VMTests/vmIOandFlowOperations/JDfromStorageDynamicJumpiAfterStop.json
tests/ethereum-tests/VMTests/vmIOandFlowOperations/BlockNumberDynamicJumpiOutsideBoundary.json
tests/ethereum-tests/VMTests/vmIOandFlowOperations/DynamicJumpInsidePushWithoutJumpDest.json
tests/ethereum-tests/VMTests/vmIOandFlowOperations/JDfromStorageDynamicJump0_AfterJumpdest3.json
tests/ethereum-tests/VMTests/vmIOandFlowOperations/DynamicJumpAfterStop.json
tests/ethereum-tests/VMTests/vmIOandFlowOperations/BlockNumberDynamicJumpifInsidePushWithJumpDest.json
tests/ethereum-tests/VMTests/vmIOandFlowOperations/BlockNumberDynamicJump1.json
tests/ethereum-tests/VMTests/vmIOandFlowOperations/jump1.json
tests/ethereum-tests/VMTests/vmIOandFlowOperations/DynamicJumpPathologicalTest0.json
tests/ethereum-tests/VMTests/vmIOandFlowOperations/indirect_jump2.json
tests/ethereum-tests/VMTests/vmIOandFlowOperations/BlockNumberDynamicJumpi0.json
tests/ethereum-tests/VMTests/vmIOandFlowOperations/DynamicJumpiAfterStop.json
tests/ethereum-tests/VMTests/vmIOandFlowOperations/BlockNumberDynamicJumpInsidePushWithoutJumpDest.json
tests/ethereum-tests/VMTests/vmIOandFlowOperations/bad_indirect_jump1.json
tests/ethereum-tests/VMTests/vmIOandFlowOperations/BlockNumberDynamicJump0_jumpdest2.json
tests/ethereum-tests/VMTests/vmIOandFlowOperations/DynamicJumpInsidePushWithJumpDest.json
tests/ethereum-tests/VMTests/vmIOandFlowOperations/JDfromStorageDynamicJumpiOutsideBoundary.json
tests/ethereum-tests/VMTests/vmIOandFlowOperations/DynamicJump0_jumpdest2.json
tests/ethereum-tests/VMTests/vmIOandFlowOperations/jumpDynamicJumpSameDest.json
tests/ethereum-tests/VMTests/vmIOandFlowOperations/JDfromStorageDynamicJumpInsidePushWithoutJumpDest.json
tests/ethereum-tests/VMTests/vmIOandFlowOperations/BlockNumberDynamicJumpiAfterStop.json
tests/ethereum-tests/VMTests/vmIOandFlowOperations/JDfromStorageDynamicJumpInsidePushWithJumpDest.json
tests/ethereum-tests/VMTests/vmIOandFlowOperations/jumpiToUintmaxPlus1.json
tests/ethereum-tests/VMTests/vmIOandFlowOperations/JDfromStorageDynamicJump0_jumpdest0.json
tests/ethereum-tests/VMTests/vmIOandFlowOperations/JDfromStorageDynamicJump0_AfterJumpdest.json
tests/ethereum-tests/VMTests/vmIOandFlowOperations/BlockNumberDynamicJumpInsidePushWithJumpDest.json
tests/ethereum-tests/VMTests/vmIOandFlowOperations/JDfromStorageDynamicJumpi1_jumpdest.json
tests/ethereum-tests/VMTests/vmIOandFlowOperations/bad_indirect_jump2.json
tests/ethereum-tests/VMTests/vmIOandFlowOperations/BlockNumberDynamicJumpi1.json
tests/ethereum-tests/VMTests/vmIOandFlowOperations/DynamicJump0_AfterJumpdest.json
tests/ethereum-tests/VMTests/vmIOandFlowOperations/JDfromStorageDynamicJump0_foreverOutOfGas.json
tests/ethereum-tests/VMTests/vmIOandFlowOperations/DynamicJump0_jumpdest0.json
tests/ethereum-tests/VMTests/vmIOandFlowOperations/indirect_jump3.json
tests/ethereum-tests/VMTests/vmIOandFlowOperations/JDfromStorageDynamicJump0_withoutJumpdest.json
tests/ethereum-tests/VMTests/vmIOandFlowOperations/JDfromStorageDynamicJumpifInsidePushWithoutJumpDest.json
tests/ethereum-tests/VMTests/vmIOandFlowOperations/BlockNumberDynamicJump0_jumpdest0.json
tests/ethereum-tests/VMTests/vmIOandFlowOperations/JDfromStorageDynamicJumpi0.json
tests/ethereum-tests/VMTests/vmIOandFlowOperations/BlockNumberDynamicJump0_AfterJumpdest.json
tests/ethereum-tests/VMTests/vmIOandFlowOperations/DynamicJump0_foreverOutOfGas.json
tests/ethereum-tests/VMTests/vmIOandFlowOperations/DynamicJumpi1.json
tests/ethereum-tests/VMTests/vmIOandFlowOperations/BlockNumberDynamicJumpi1_jumpdest.json
tests/ethereum-tests/VMTests/vmIOandFlowOperations/DynamicJump0_withoutJumpdest.json
tests/ethereum-tests/VMTests/vmIOandFlowOperations/DynamicJumpPathologicalTest1.json
tests/ethereum-tests/VMTests/vmIOandFlowOperations/DyanmicJump0_outOfBoundary.json
tests/ethereum-tests/VMTests/vmIOandFlowOperations/DynamicJumpi0.json
tests/ethereum-tests/VMTests/vmIOandFlowOperations/BlockNumberDynamicJump0_foreverOutOfGas.json
tests/ethereum-tests/VMTests/vmIOandFlowOperations/DynamicJumpiOutsideBoundary.json
tests/ethereum-tests/VMTests/vmIOandFlowOperations/gasOverFlow.json
tests/ethereum-tests/VMTests/vmIOandFlowOperations/DynamicJumpPathologicalTest2.json
tests/ethereum-tests/VMTests/vmIOandFlowOperations/DynamicJumpifInsidePushWithoutJumpDest.json
tests/ethereum-tests/VMTests/vmIOandFlowOperations/jumpiOutsideBoundary.json
tests/ethereum-tests/VMTests/vmIOandFlowOperations/BlockNumberDynamicJump0_withoutJumpdest.json
tests/ethereum-tests/VMTests/vmIOandFlowOperations/DynamicJump0_AfterJumpdest3.json
tests/ethereum-tests/VMTests/vmIOandFlowOperations/JDfromStorageDynamicJumpifInsidePushWithJumpDest.json
tests/ethereum-tests/VMTests/vmIOandFlowOperations/JDfromStorageDynamicJump1.json
tests/ethereum-tests/VMTests/vmIOandFlowOperations/indirect_jump4.json
tests/ethereum-tests/VMTests/vmIOandFlowOperations/JDfromStorageDynamicJumpi1.json
tests/ethereum-tests/VMTests/vmIOandFlowOperations/BlockNumberDynamicJumpifInsidePushWithoutJumpDest.json
tests/ethereum-tests/VMTests/vmIOandFlowOperations/jumpiToUint64maxPlus1.json
tests/ethereum-tests/VMTests/vmIOandFlowOperations/DynamicJumpi1_jumpdest.json
tests/ethereum-tests/VMTests/vmIOandFlowOperations/BlockNumberDynamicJump0_AfterJumpdest3.json
tests/ethereum-tests/VMTests/vmIOandFlowOperations/DynamicJumpPathologicalTest3.json
tests/ethereum-tests/VMTests/vmIOandFlowOperations/JDfromStorageDynamicJump0_jumpdest2.json
tests/ethereum-tests/VMTests/vmIOandFlowOperations/DynamicJumpifInsidePushWithJumpDest.json
tests/ethereum-tests/VMTests/vmIOandFlowOperations/DynamicJump1.json
tests/ethereum-tests/VMTests/vmSystemOperations/callcodeToReturn1.json
tests/ethereum-tests/VMTests/vmSystemOperations/callstatelessToReturn1.json
tests/ethereum-tests/VMTests/vmSystemOperations/CallToReturn1.json
tests/ethereum-tests/VMTests/vmIOandFlowOperations/loop_stacklimit_1021.json
tests/ethereum-tests/VMTests/vmIOandFlowOperations/kv1.json
tests/ethereum-tests/VMTests/vmEnvironmentalInfo/extcodesize1.json
tests/ethereum-tests/VMTests/vmEnvironmentalInfo/extcodecopy0AddressTooBigLeft.json
tests/ethereum-tests/VMTests/vmEnvironmentalInfo/extcodecopy0.json
tests/ethereum-tests/VMTests/vmEnvironmentalInfo/ExtCodeSizeAddressInputTooBigLeftMyAddress.json
tests/ethereum-tests/VMTests/vmEnvironmentalInfo/codesize.json
tests/ethereum-tests/VMTests/vmEnvironmentalInfo/codecopy0.json
tests/ethereum-tests/VMTests/vmIOandFlowOperations/jumpi1.json
tests/ethereum-tests/BlockchainTests/GeneralStateTests/stCallCreateCallCodeTest/createJS_NoCollision_d0g0v0.json
tests/ethereum-tests/BlockchainTests/GeneralStateTests/stCallCreateCallCodeTest/createJS_ExampleContract_d0g0v0.json
tests/ethereum-tests/BlockchainTests/GeneralStateTests/stRandom/randomStatetest163_d0g0v0.json
tests/ethereum-tests/BlockchainTests/GeneralStateTests/stRandom/randomStatetest326_d0g0v0.json
tests/ethereum-tests/BlockchainTests/GeneralStateTests/stRandom/randomStatetest320_d0g0v0.json
tests/ethereum-tests/BlockchainTests/GeneralStateTests/stRandom/randomStatetest296_d0g0v0.json
tests/ethereum-tests/BlockchainTests/GeneralStateTests/stQuadraticComplexityTest/Call50000bytesContract50_2_d0g1v0.json
tests/ethereum-tests/BlockchainTests/GeneralStateTests/stQuadraticComplexityTest/Call50000bytesContract50_3_d0g1v0.json
tests/ethereum-tests/BlockchainTests/GeneralStateTests/stQuadraticComplexityTest/Call50000bytesContract50_2_d0g0v0.json
tests/ethereum-tests/BlockchainTests/GeneralStateTests/stQuadraticComplexityTest/Call50000bytesContract50_3_d0g0v0.json
tests/ethereum-tests/BlockchainTests/GeneralStateTests/stRandom2/randomStatetest496_d0g0v0.json
tests/ethereum-tests/BlockchainTests/GeneralStateTests/stRandom2/randomStatetest642_d0g0v0.json
tests/ethereum-tests/BlockchainTests/GeneralStateTests/stRandom2/randomStatetest409_d0g0v0.json
tests/ethereum-tests/BlockchainTests/GeneralStateTests/stRandom2/randomStatetest433_d0g0v0.json
tests/ethereum-tests/BlockchainTests/GeneralStateTests/stRandom2/randomStatetest566_d0g0v0.json
tests/ethereum-tests/BlockchainTests/GeneralStateTests/stStackTests/shallowStack_d37g0v0.json
tests/ethereum-tests/BlockchainTests/GeneralStateTests/stMemoryStressTest/JUMPI_Bounds_d0g0v0.json
tests/ethereum-tests/BlockchainTests/GeneralStateTests/stMemoryStressTest/FillStack_d0g1v0.json
tests/ethereum-tests/BlockchainTests/GeneralStateTests/stMemoryStressTest/JUMPI_Bounds_d0g1v0.json
tests/ethereum-tests/BlockchainTests/GeneralStateTests/stMemoryStressTest/FillStack_d0g0v0.json
tests/ethereum-tests/BlockchainTests/GeneralStateTests/stSolidityTest/AmbiguousMethod_d0g0v0.json
tests/ethereum-tests/BlockchainTests/GeneralStateTests/stSolidityTest/CallInfiniteLoop_d0g0v0.json
tests/ethereum-tests/BlockchainTests/GeneralStateTests/stSolidityTest/CallLowLevelCreatesSolidity_d0g0v0.json
tests/ethereum-tests/BlockchainTests/GeneralStateTests/stSolidityTest/CallRecursiveMethods_d0g0v0.json
tests/ethereum-tests/BlockchainTests/GeneralStateTests/stSolidityTest/ContractInheritance_d0g0v0.json
tests/ethereum-tests/BlockchainTests/GeneralStateTests/stSolidityTest/CreateContractFromMethod_d0g0v0.json
tests/ethereum-tests/BlockchainTests/GeneralStateTests/stSolidityTest/RecursiveCreateContractsCreate4Contracts_d0g0v0.json
tests/ethereum-tests/BlockchainTests/GeneralStateTests/stSolidityTest/RecursiveCreateContracts_d0g0v0.json
tests/ethereum-tests/BlockchainTests/GeneralStateTests/stSolidityTest/TestBlockAndTransactionProperties_d0g0v0.json
tests/ethereum-tests/BlockchainTests/GeneralStateTests/stSolidityTest/TestContractInteraction_d0g0v0.json
tests/ethereum-tests/BlockchainTests/GeneralStateTests/stSolidityTest/TestContractSuicide_d0g0v0.json
tests/ethereum-tests/BlockchainTests/GeneralStateTests/stSolidityTest/TestCryptographicFunctions_d0g0v0.json
tests/ethereum-tests/BlockchainTests/GeneralStateTests/stSolidityTest/TestKeywords_d0g0v0.json
tests/ethereum-tests/BlockchainTests/GeneralStateTests/stSolidityTest/TestOverflow_d0g0v0.json
tests/ethereum-tests/BlockchainTests/GeneralStateTests/stSolidityTest/TestStoreGasPrices_d0g0v0.json
tests/ethereum-tests/BlockchainTests/GeneralStateTests/stSolidityTest/TestStructuresAndVariabless_d0g0v0.json
tests/ethereum-tests/BlockchainTests/GeneralStateTests/stStaticCall/static_Call50000bytesContract50_3_d0g0v0.json
tests/ethereum-tests/BlockchainTests/GeneralStateTests/stStaticCall/static_Call50000bytesContract50_3_d1g0v0.json
tests/ethereum-tests/BlockchainTests/GeneralStateTests/stStaticCall/static_Call50000bytesContract50_2_d1g0v0.json
tests/ethereum-tests/BlockchainTests/GeneralStateTests/stStaticCall/static_Call50000bytesContract50_2_d0g0v0.json
tests/ethereum-tests/BlockchainTests/GeneralStateTests/stEIP150singleCodeGasPrices/RawExtCodeCopyGas_d0g0v0.json
tests/ethereum-tests/BlockchainTests/GeneralStateTests/stEIP150singleCodeGasPrices/RawExtCodeCopyMemoryGas_d0g0v0.json
tests/ethereum-tests/BlockchainTests/GeneralStateTests/stEIP150singleCodeGasPrices/RawExtCodeSizeGas_d0g0v0.json
tests/ethereum-tests/BlockchainTests/GeneralStateTests/stWalletTest/dayLimitConstruction_d0g0v0.json
tests/ethereum-tests/BlockchainTests/GeneralStateTests/stWalletTest/dayLimitConstruction_d0g1v0.json
tests/ethereum-tests/BlockchainTests/GeneralStateTests/stWalletTest/dayLimitConstructionOOG_d0g0v0.json
tests/ethereum-tests/BlockchainTests/GeneralStateTests/stWalletTest/dayLimitConstructionPartial_d0g0v0.json
tests/ethereum-tests/BlockchainTests/GeneralStateTests/stWalletTest/dayLimitResetSpentToday_d0g0v0.json
tests/ethereum-tests/BlockchainTests/GeneralStateTests/stWalletTest/dayLimitSetDailyLimit_d0g0v0.json
tests/ethereum-tests/BlockchainTests/GeneralStateTests/stWalletTest/dayLimitSetDailyLimitNoData_d0g0v0.json
tests/ethereum-tests/BlockchainTests/GeneralStateTests/stWalletTest/multiOwnedAddOwnerAddMyself_d0g0v0.json
tests/ethereum-tests/BlockchainTests/GeneralStateTests/stWalletTest/multiOwnedAddOwner_d0g0v0.json
tests/ethereum-tests/BlockchainTests/GeneralStateTests/stWalletTest/multiOwnedChangeOwner_d0g0v0.json
tests/ethereum-tests/BlockchainTests/GeneralStateTests/stWalletTest/multiOwnedChangeOwner_fromNotOwner_d0g0v0.json
tests/ethereum-tests/BlockchainTests/GeneralStateTests/stWalletTest/multiOwnedChangeOwnerNoArgument_d0g0v0.json
tests/ethereum-tests/BlockchainTests/GeneralStateTests/stWalletTest/multiOwnedChangeOwner_toIsOwner_d0g0v0.json
tests/ethereum-tests/BlockchainTests/GeneralStateTests/stWalletTest/multiOwnedChangeRequirementTo0_d0g0v0.json
tests/ethereum-tests/BlockchainTests/GeneralStateTests/stWalletTest/multiOwnedChangeRequirementTo1_d0g0v0.json
tests/ethereum-tests/BlockchainTests/GeneralStateTests/stWalletTest/multiOwnedChangeRequirementTo2_d0g0v0.json
tests/ethereum-tests/BlockchainTests/GeneralStateTests/stWalletTest/multiOwnedConstructionCorrect_d0g0v0.json
tests/ethereum-tests/BlockchainTests/GeneralStateTests/stWalletTest/multiOwnedConstructionNotEnoughGas_d0g0v0.json
tests/ethereum-tests/BlockchainTests/GeneralStateTests/stWalletTest/multiOwnedConstructionNotEnoughGasPartial_d0g0v0.json
tests/ethereum-tests/BlockchainTests/GeneralStateTests/stWalletTest/multiOwnedIsOwnerFalse_d0g0v0.json
tests/ethereum-tests/BlockchainTests/GeneralStateTests/stWalletTest/multiOwnedIsOwnerTrue_d0g0v0.json
tests/ethereum-tests/BlockchainTests/GeneralStateTests/stWalletTest/multiOwnedRemoveOwnerByNonOwner_d0g0v0.json
tests/ethereum-tests/BlockchainTests/GeneralStateTests/stWalletTest/multiOwnedRemoveOwner_d0g0v0.json
tests/ethereum-tests/BlockchainTests/GeneralStateTests/stWalletTest/multiOwnedRemoveOwner_mySelf_d0g0v0.json
tests/ethereum-tests/BlockchainTests/GeneralStateTests/stWalletTest/multiOwnedRemoveOwner_ownerIsNotOwner_d0g0v0.json
tests/ethereum-tests/BlockchainTests/GeneralStateTests/stWalletTest/multiOwnedRevokeNothing_d0g0v0.json
tests/ethereum-tests/BlockchainTests/GeneralStateTests/stWalletTest/walletAddOwnerRemovePendingTransaction_d0g0v0.json
tests/ethereum-tests/BlockchainTests/GeneralStateTests/stWalletTest/walletChangeOwnerRemovePendingTransaction_d0g0v0.json
tests/ethereum-tests/BlockchainTests/GeneralStateTests/stWalletTest/walletChangeRequirementRemovePendingTransaction_d0g0v0.json
tests/ethereum-tests/BlockchainTests/GeneralStateTests/stWalletTest/walletConfirm_d0g0v0.json
tests/ethereum-tests/BlockchainTests/GeneralStateTests/stWalletTest/walletConstruction_d0g0v0.json
tests/ethereum-tests/BlockchainTests/GeneralStateTests/stWalletTest/walletConstruction_d0g1v0.json
tests/ethereum-tests/BlockchainTests/GeneralStateTests/stWalletTest/walletConstructionOOG_d0g0v0.json
tests/ethereum-tests/BlockchainTests/GeneralStateTests/stWalletTest/walletConstructionOOG_d0g1v0.json
tests/ethereum-tests/BlockchainTests/GeneralStateTests/stWalletTest/walletConstructionPartial_d0g0v0.json
tests/ethereum-tests/BlockchainTests/GeneralStateTests/stWalletTest/walletDefault_d0g0v0.json
tests/ethereum-tests/BlockchainTests/GeneralStateTests/stWalletTest/walletDefaultWithOutValue_d0g0v0.json
tests/ethereum-tests/BlockchainTests/GeneralStateTests/stWalletTest/walletExecuteOverDailyLimitMultiOwner_d0g0v0.json
tests/ethereum-tests/BlockchainTests/GeneralStateTests/stWalletTest/walletExecuteOverDailyLimitOnlyOneOwner_d0g0v0.json
tests/ethereum-tests/BlockchainTests/GeneralStateTests/stWalletTest/walletExecuteOverDailyLimitOnlyOneOwnerNew_d0g0v0.json
tests/ethereum-tests/BlockchainTests/GeneralStateTests/stWalletTest/walletExecuteUnderDailyLimit_d0g0v0.json
tests/ethereum-tests/BlockchainTests/GeneralStateTests/stWalletTest/walletKill_d0g0v0.json
tests/ethereum-tests/BlockchainTests/GeneralStateTests/stWalletTest/walletKillNotByOwner_d0g0v0.json
tests/ethereum-tests/BlockchainTests/GeneralStateTests/stWalletTest/walletKillToWallet_d0g0v0.json
tests/ethereum-tests/BlockchainTests/GeneralStateTests/stWalletTest/walletRemoveOwnerRemovePendingTransaction_d0g0v0.json
tests/ethereum-tests/BlockchainTests/GeneralStateTests/stCodeSizeLimit/codesizeValid_d0g0v0.json
tests/ethereum-tests/BlockchainTests/GeneralStateTests/stCodeSizeLimit/codesizeOOGInvalidSize_d0g0v0.json
tests/ethereum-tests/BlockchainTests/GeneralStateTests/stRefundTest/refund_singleSuicide_d0g0v0.json
tests/ethereum-tests/BlockchainTests/GeneralStateTests/stRefundTest/refund_multimpleSuicide_d0g0v0.json
tests/ethereum-tests/BlockchainTests/GeneralStateTests/stSpecialTest/block504980_d0g0v0.json
tests/ethereum-tests/BlockchainTests/GeneralStateTests/stSpecialTest/deploymentError_d0g0v0.json
tests/ethereum-tests/BlockchainTests/GeneralStateTests/stSpecialTest/failed_tx_xcf416c53_d0g0v0.json
tests/ethereum-tests/BlockchainTests/GeneralStateTests/stSpecialTest/gasPrice0_d0g0v0.json
tests/ethereum-tests/BlockchainTests/GeneralStateTests/stSpecialTest/JUMPDEST_Attack_d0g0v0.json
tests/ethereum-tests/BlockchainTests/GeneralStateTests/stSpecialTest/JUMPDEST_AttackwithJump_d0g0v0.json
tests/ethereum-tests/BlockchainTests/GeneralStateTests/stSpecialTest/makeMoney_d0g0v0.json
tests/ethereum-tests/BlockchainTests/GeneralStateTests/stSpecialTest/OverflowGasMakeMoney_d0g0v0.json
tests/ethereum-tests/BlockchainTests/GeneralStateTests/stSpecialTest/sha3_deja_d0g0v0.json
tests/ethereum-tests/BlockchainTests/GeneralStateTests/stSpecialTest/StackDepthLimitSEC_d0g0v0.json
tests/ethereum-tests/BlockchainTests/GeneralStateTests/stSpecialTest/txCost-sec73_d0g0v0.json
tests/ethereum-tests/BlockchainTests/GeneralStateTests/stSpecialTest/tx_e1c174e2_d0g0v0.json
tests/ethereum-tests/BlockchainTests/GeneralStateTests/stTransactionTest/CreateTransactionSuccess_d0g0v0.json
tests/ethereum-tests/BlockchainTests/GeneralStateTests/stCreateTest/CREATE_AcreateB_BSuicide_BStore_d0g0v0.json
tests/ethereum-tests/BlockchainTests/GeneralStateTests/stSystemOperationsTest/suicideSendEtherPostDeath_d0g0v0.json
tests/ethereum-tests/BlockchainTests/GeneralStateTests/stRevertTest/RevertDepthCreateAddressCollision_d0g0v0.json
tests/ethereum-tests/BlockchainTests/GeneralStateTests/stRevertTest/RevertSubCallStorageOOG_d0g0v0.json
tests/ethereum-tests/BlockchainTests/GeneralStateTests/stRevertTest/RevertSubCallStorageOOG2_d0g0v0.json
tests/ethereum-tests/BlockchainTests/GeneralStateTests/stRevertTest/RevertRemoteSubCallStorageOOG_d0g0v0.json
tests/ethereum-tests/BlockchainTests/GeneralStateTests/stRevertTest/RevertRemoteSubCallStorageOOG_d0g1v0.json
tests/ethereum-tests/BlockchainTests/GeneralStateTests/stRevertTest/RevertSubCallStorageOOG_d0g1v0.json
tests/ethereum-tests/BlockchainTests/GeneralStateTests/stRevertTest/RevertRemoteSubCallStorageOOG2_d0g1v0.json
tests/ethereum-tests/BlockchainTests/GeneralStateTests/stRevertTest/RevertRemoteSubCallStorageOOG2_d0g2v0.json
tests/ethereum-tests/BlockchainTests/GeneralStateTests/stRevertTest/RevertRemoteSubCallStorageOOG_d0g2v0.json
tests/ethereum-tests/BlockchainTests/GeneralStateTests/stRevertTest/RevertSubCallStorageOOG2_d0g1v0.json
tests/ethereum-tests/BlockchainTests/GeneralStateTests/stRevertTest/RevertSubCallStorageOOG2_d0g0v1.json
tests/ethereum-tests/BlockchainTests/GeneralStateTests/stRevertTest/RevertSubCallStorageOOG_d0g0v1.json
tests/ethereum-tests/BlockchainTests/GeneralStateTests/stRevertTest/NashatyrevSuicideRevert_d0g0v0.json
tests/ethereum-tests/BlockchainTests/GeneralStateTests/stRevertTest/RevertSubCallStorageOOG2_d0g1v1.json
tests/ethereum-tests/BlockchainTests/GeneralStateTests/stRevertTest/RevertSubCallStorageOOG_d0g1v1.json
tests/ethereum-tests/BlockchainTests/GeneralStateTests/stRevertTest/RevertRemoteSubCallStorageOOG2_d0g0v0.json
tests/ethereum-tests/BlockchainTests/GeneralStateTests/stRevertTest/PythonRevertTestTue201814-1430_d0g0v0.json
tests/ethereum-tests/VMTests/vmIOandFlowOperations/DynamicJumpJD_DependsOnJumps1.json
tests/ethereum-tests/VMTests/vmIOandFlowOperations/gas0.json
tests/ethereum-tests/VMTests/vmEnvironmentalInfo/extcodecopyZeroMemExpansion.json
tests/ethereum-tests/VMTests/vmEnvironmentalInfo/extcodecopy0AddressTooBigRight.json
tests/ethereum-tests/VMTests/vmEnvironmentalInfo/codecopyZeroMemExpansion.json
tests/ethereum-tests/VMTests/vmEnvironmentalInfo/extcodecopy_DataIndexTooHigh.json
tests/ethereum-tests/VMTests/vmEnvironmentalInfo/codecopy_DataIndexTooHigh.json
tests/ethereum-tests/VMTests/vmEnvironmentalInfo/env1.json
tests/ethereum-tests/VMTests/vmSystemOperations/CallToPrecompiledContract.json
tests/ethereum-tests/VMTests/vmSystemOperations/createNameRegistratorOutOfMemoryBonds1.json
tests/ethereum-tests/VMTests/vmSystemOperations/createNameRegistrator.json
tests/ethereum-tests/VMTests/vmSystemOperations/createNameRegistratorValueTooHigh.json
tests/ethereum-tests/VMTests/vmSystemOperations/createNameRegistratorOutOfMemoryBonds0.json
tests/ethereum-tests/BlockchainTests/GeneralStateTests/stHomesteadSpecific/createContractViaTransactionCost53000_d0g0v0.json
tests/ethereum-tests/BlockchainTests/GeneralStateTests/stHomesteadSpecific/contractCreationOOGdontLeaveEmptyContractViaTransaction_d0g0v0.json
tests/ethereum-tests/BlockchainTests/GeneralStateTests/stHomesteadSpecific/createContractViaContractOOGInitCode_d0g0v0.json
tests/ethereum-tests/BlockchainTests/GeneralStateTests/stHomesteadSpecific/createContractViaContract_d0g0v0.json
tests/ethereum-tests/BlockchainTests/GeneralStateTests/stHomesteadSpecific/contractCreationOOGdontLeaveEmptyContract_d0g0v0.json
tests/ethereum-tests/BlockchainTests/GeneralStateTests/stCallCreateCallCodeTest/Call1024PreCalls_d0g0v0.json
tests/ethereum-tests/BlockchainTests/GeneralStateTests/stCallCreateCallCodeTest/createNameRegistratorPerTxs_d0g0v0.json
tests/ethereum-tests/BlockchainTests/GeneralStateTests/stCallCreateCallCodeTest/createNameRegistratorendowmentTooHigh_d0g0v0.json
tests/ethereum-tests/BlockchainTests/GeneralStateTests/stCallCreateCallCodeTest/createInitFailUndefinedInstruction_d0g0v0.json
tests/ethereum-tests/BlockchainTests/GeneralStateTests/stCallCreateCallCodeTest/createInitFailBadJumpDestination_d0g0v0.json
tests/ethereum-tests/BlockchainTests/GeneralStateTests/stCallCreateCallCodeTest/Call1024OOG_d0g0v0.json
tests/ethereum-tests/BlockchainTests/GeneralStateTests/stCallCreateCallCodeTest/callOutput3_d0g0v0.json
tests/ethereum-tests/BlockchainTests/GeneralStateTests/stCallCreateCallCodeTest/createInitFailStackUnderflow_d0g0v0.json
tests/ethereum-tests/BlockchainTests/GeneralStateTests/stCallCreateCallCodeTest/callOutput3partial_d0g0v0.json
tests/ethereum-tests/BlockchainTests/GeneralStateTests/stCallCreateCallCodeTest/createInitFailStackSizeLargerThan1024_d0g0v0.json
tests/ethereum-tests/BlockchainTests/GeneralStateTests/stCallCreateCallCodeTest/CallRecursiveBombPreCall_d0g0v0.json
tests/ethereum-tests/BlockchainTests/GeneralStateTests/stCallCreateCallCodeTest/callcodeOutput3partial_d0g0v0.json
tests/ethereum-tests/BlockchainTests/GeneralStateTests/stCallCreateCallCodeTest/Callcode1024OOG_d0g0v0.json
tests/ethereum-tests/BlockchainTests/GeneralStateTests/stCallCreateCallCodeTest/callcodeOutput3_d0g0v0.json
tests/ethereum-tests/BlockchainTests/GeneralStateTests/stCallCreateCallCodeTest/createNameRegistratorPreStore1NotEnoughGas_d0g0v0.json
tests/ethereum-tests/BlockchainTests/GeneralStateTests/stRandom/randomStatetest111_d0g0v0.json
tests/ethereum-tests/BlockchainTests/GeneralStateTests/stRandom/randomStatetest307_d0g0v0.json
tests/ethereum-tests/BlockchainTests/GeneralStateTests/stRandom/randomStatetest177_d0g0v0.json
tests/ethereum-tests/BlockchainTests/GeneralStateTests/stRandom/randomStatetest237_d0g0v0.json
tests/ethereum-tests/VMTests/vmRandomTest/201503102148PYTHON.json
tests/ethereum-tests/VMTests/vmRandomTest/201503110050PYTHON.json
tests/ethereum-tests/VMTests/vmRandomTest/201503102300PYTHON.json
tests/ethereum-tests/VMTests/vmRandomTest/201503102037PYTHON.json
tests/ethereum-tests/VMTests/vmSystemOperations/callcodeToNameRegistrator0.json
